[backblue.gif]
[fade.gif]
[index.html]
[apply07.grants.gov/apply/javax.faces.resource/jquery/jquery.js68f8.faces]
[apply07.grants.gov/apply/javax.faces.resource/jquery/jquery-plugins.js68f8.faces]
[apply07.grants.gov/apply/javax.faces.resource/core.js68f8.faces]
[apply07.grants.gov/apply/javax.faces.resource/components.js68f8.faces]
[apply07.grants.gov/apply/js/ui/1.12.1/jquery-ui.js]
[apply07.grants.gov/apply/js/jquery/jquery-migrate-3.0.0.min.js]
[apply07.grants.gov/apply/js/jkmegamenu.js]
[apply07.grants.gov/apply/js/datatable-custom.js]
[apply07.grants.gov/apply/js/classList.js]
[apply07.grants.gov/apply/js/main.js]
[apply07.grants.gov/apply/images/grants/grants-gov-logo.png]
[apply07.grants.gov/apply/images/alert.png]
[apply07.grants.gov/apply/javax.faces.resource/spacer/dot_clear.gif68f8.gif]
[prod-grants-gov-chatbot.s3.amazonaws.com/ChatBootstrap2.js]
[apply07.grants.gov/apply/register.html]
[apply07.grants.gov/apply/javax.faces.resource/images/ui-bg_flat_75_ffffff_40x100.png0771.png]
[apply07.grants.gov/apply/javax.faces.resource/images/header.png0771.png]
[apply07.grants.gov/apply/javax.faces.resource/images/default.png0771.png]
[apply07.grants.gov/apply/javax.faces.resource/images/hover.png0771.png]
[apply07.grants.gov/apply/javax.faces.resource/images/active.png0771.png]
[apply07.grants.gov/apply/javax.faces.resource/images/ui-bg_glass_55_fbf9ee_1x400.png0771.png]
[apply07.grants.gov/apply/javax.faces.resource/images/ui-bg_glass_95_fef1ec_1x400.png0771.png]
[apply07.grants.gov/apply/javax.faces.resource/images/ui-icons_222222_256x240.png0771.png]
[apply07.grants.gov/apply/javax.faces.resource/images/ui-icons_888888_256x240.png0771.png]
[apply07.grants.gov/apply/javax.faces.resource/images/ui-icons_454545_256x240.png0771.png]
[apply07.grants.gov/apply/javax.faces.resource/images/ui-icons_2e83ff_256x240.png0771.png]
[apply07.grants.gov/apply/javax.faces.resource/images/ui-icons_cd0a0a_256x240.png0771.png]
[apply07.grants.gov/apply/javax.faces.resource/images/ui-bg_flat_0_aaaaaa_40x100.png0771.png]
[apply07.grants.gov/apply/javax.faces.resource/theme.css0771.css]
[apply07.grants.gov/apply/javax.faces.resource/datascroller/images/loading.gif68f8.gif]
[apply07.grants.gov/apply/javax.faces.resource/forms/password-meter.png68f8.png]
[apply07.grants.gov/apply/javax.faces.resource/messages/messages.png68f8.png]
[apply07.grants.gov/apply/javax.faces.resource/lightbox/images/loading.gif68f8.gif]
[apply07.grants.gov/apply/javax.faces.resource/outputpanel/images/loading.gif68f8.gif]
[apply07.grants.gov/apply/javax.faces.resource/rating/rating.png68f8.png]
[apply07.grants.gov/apply/javax.faces.resource/tree/images/line.gif68f8.gif]
[apply07.grants.gov/apply/javax.faces.resource/components.css68f8.css]
[apply07.grants.gov/apply/css/style.css]
[apply07.grants.gov/apply/images/grants/icon-breadcrumb-separator.png]
[apply07.grants.gov/apply/jsf/jsfStyles.css]
[apply07.grants.gov/apply/jsf/search.css]
[apply07.grants.gov/apply/css/jsfRoundedBox.css]
[apply07.grants.gov/apply/SpryAssets/SpryTabbedPanels.css]
[apply07.grants.gov/apply/SpryAssets/SpryMenuBarDownHover.gif]
[apply07.grants.gov/apply/SpryAssets/SpryMenuBarRightHover.gif]
[apply07.grants.gov/apply/SpryAssets/SpryMenuBarDown.gif]
[apply07.grants.gov/apply/SpryAssets/SpryMenuBarRight.gif]
[apply07.grants.gov/apply/SpryAssets/SpryMenuBarHorizontal.css]
[apply07.grants.gov/apply/css/ggPrimefaces.css]
[apply07.grants.gov/apply/css/main.css]
[apply07.grants.gov/apply/css/font-awesome-4.5.0/css/font-awesome.css]
[apply07.grants.gov/apply/index.html]
[apply07.grants.gov/apply/js/jquery-1.8.3.js]
[apply07.grants.gov/apply/LogoutAllb2a0.html]
[apply07.grants.gov/apply/sessionUpdater.html]
[apply07.grants.gov/apply/LogoutAlld468.html]
[apply07.grants.gov/images/grants/banner-background.html]
[apply07.grants.gov/apply/css/images/ui-bg_highlight-soft_75_1E90FF_1x100.html]
[apply07.grants.gov/apply/css/images/ui-bg_glass_55_cccccc_1x400.html]
[apply07.grants.gov/apply/images/icon_rss.gif]
[apply07.grants.gov/apply/css/default.css]
[apply07.grants.gov/apply/images/grants/header-background.gif]
[apply07.grants.gov/apply/images/grants/banner-background.gif]
[apply07.grants.gov/apply/images/grants/search-button-background.gif]
[apply07.grants.gov/apply/images/grants/nav-background.gif]
[apply07.grants.gov/apply/images/grants/icon-bullet.png]
[apply07.grants.gov/apply/images/grants/icon-bullet-hover.png]
[apply07.grants.gov/apply/images/grants/icon-bullet-default.png]
[apply07.grants.gov/apply/images/grants/icon-footer-exit.png]
[apply07.grants.gov/apply/images/file_system/small/pdf.png]
[apply07.grants.gov/apply/images/grants/icon-xml.png]
[apply07.grants.gov/apply/images/grants/icon-rss.png]
[apply07.grants.gov/apply/images/grants/icon-blogger.png]
[apply07.grants.gov/apply/images/grants/icon-blog.png]
[apply07.grants.gov/apply/images/grants/icon-twitter.png]
[apply07.grants.gov/apply/images/grants/icon-youtube.png]
[apply07.grants.gov/apply/images/grants/icon-facebook.png]
[apply07.grants.gov/apply/images/grants/icon-listserv.png]
[apply07.grants.gov/apply/css/grants.css]
[apply07.grants.gov/apply/images/grants/icon-menu-down.gif]
[apply07.grants.gov/apply/images/grants/icon-menu-down-hover.gif]
[apply07.grants.gov/apply/css/megamenu.css]
[apply07.grants.gov/apply/css/font-awesome-4.5.0/fonts/fontawesome-webfont3295.html]
[apply07.grants.gov/apply/css/font-awesome-4.5.0/fonts/fontawesome-webfontd41d.html]
[apply07.grants.gov/apply/css/font-awesome-4.5.0/fonts/fontawesome-webfont3295-2.html]
[apply07.grants.gov/apply/css/font-awesome-4.5.0/fonts/fontawesome-webfont3295-3.html]
[apply07.grants.gov/apply/css/font-awesome-4.5.0/fonts/fontawesome-webfont3295-4.html]
[apply07.grants.gov/apply/css/font-awesome-4.5.0/fonts/fontawesome-webfont3295.svg]
[apply07.grants.gov/apply/images/grantsgovlogo77e1.png]
[apply07.grants.gov/apply/logindbe4.html]
[apply07.grants.gov/apply/images/forms/input_shadow.html]
[apply07.grants.gov/apply/images/logingov77e1.svg]
[apply07.grants.gov/apply/images/pivlogo77e1.svg]
[apply07.grants.gov/apply/images/amslogin77e1.svg]
